[2026-05-30 15:05:13,954: INFO : common: yaml file: config\config.yaml loaded successfully]
[2026-05-30 15:05:13,955: INFO : common: yaml file: params.yaml loaded successfully]
[2026-05-30 15:05:13,956: INFO : common: yaml file: schema.yaml loaded successfully]
[2026-05-30 15:05:13,957: INFO : common: created directory at: artifacts]
[2026-05-30 15:08:09,472: INFO : common: yaml file: config\config.yaml loaded successfully]
[2026-05-30 15:08:09,473: INFO : common: yaml file: params.yaml loaded successfully]
[2026-05-30 15:08:09,475: INFO : common: yaml file: schema.yaml loaded successfully]
[2026-05-30 15:08:09,476: INFO : common: created directory at: artifacts]
[2026-05-30 15:08:09,477: INFO : common: created directory at: artifacts/data_ingestion]
[2026-05-30 15:08:11,346: INFO : 2366278714: artifacts/data_ingestion/data.zip download! with following info: 
Connection: close
Content-Length: 23329
Cache-Control: max-age=300
Content-Security-Policy: default-src 'none'; style-src 'unsafe-inline'; sandbox
Content-Type: application/zip
ETag: "c69888a4ae59bc5a893392785a938ccd4937981c06ba8a9d6a21aa52b4ab5b6e"
Strict-Transport-Security: max-age=31536000
X-Content-Type-Options: nosniff
X-Frame-Options: deny
X-XSS-Protection: 1; mode=block
X-GitHub-Request-Id: 1EA2:3EFC26:A17A8:1DAD2A:6A1AA14A
Accept-Ranges: bytes
Date: Sat, 30 May 2026 09:38:11 GMT
Via: 1.1 varnish
X-Served-By: cache-maa10220-MAA
X-Cache: HIT
X-Cache-Hits: 0
X-Timer: S1780133892.530124,VS0,VE223
Vary: Authorization,Accept-Encoding
Access-Control-Allow-Origin: *
Cross-Origin-Resource-Policy: cross-origin
X-Fastly-Request-ID: db248a1b51f4140a333e356a2f47b63938624389
Expires: Sat, 30 May 2026 09:43:11 GMT
Source-Age: 0

]
[2026-05-30 15:08:47,375: INFO : common: yaml file: config\config.yaml loaded successfully]
[2026-05-30 15:08:47,376: INFO : common: yaml file: params.yaml loaded successfully]
[2026-05-30 15:08:47,377: INFO : common: yaml file: schema.yaml loaded successfully]
[2026-05-30 15:08:47,378: INFO : common: created directory at: artifacts]
[2026-05-30 15:08:47,378: INFO : common: created directory at: artifacts/data_validation]
[2026-05-30 15:09:05,232: INFO : common: yaml file: config\config.yaml loaded successfully]
[2026-05-30 15:09:05,233: INFO : common: yaml file: params.yaml loaded successfully]
[2026-05-30 15:09:05,235: INFO : common: yaml file: schema.yaml loaded successfully]
[2026-05-30 15:09:05,236: INFO : common: created directory at: artifacts]
[2026-05-30 15:09:05,236: INFO : common: created directory at: artifacts/data_transformation]
[2026-05-30 15:09:05,252: INFO : 3853211081: Splited data into training and test sets]
[2026-05-30 15:09:05,254: INFO : 3853211081: (1199, 12)]
[2026-05-30 15:09:05,255: INFO : 3853211081: (400, 12)]
[2026-05-30 15:09:11,059: INFO : common: yaml file: config\config.yaml loaded successfully]
[2026-05-30 15:09:11,060: INFO : common: yaml file: params.yaml loaded successfully]
[2026-05-30 15:09:11,062: INFO : common: yaml file: schema.yaml loaded successfully]
[2026-05-30 15:09:11,062: INFO : common: created directory at: artifacts]
[2026-05-30 15:09:33,346: INFO : common: yaml file: config\config.yaml loaded successfully]
[2026-05-30 15:09:33,347: INFO : common: yaml file: params.yaml loaded successfully]
[2026-05-30 15:09:33,348: INFO : common: yaml file: schema.yaml loaded successfully]
[2026-05-30 15:09:33,349: INFO : common: created directory at: artifacts]
[2026-05-30 15:10:27,807: INFO : common: yaml file: config\config.yaml loaded successfully]
[2026-05-30 15:10:27,814: INFO : common: yaml file: params.yaml loaded successfully]
[2026-05-30 15:10:27,816: INFO : common: yaml file: schema.yaml loaded successfully]
[2026-05-30 15:10:27,817: INFO : common: created directory at: artifacts]
[2026-05-30 15:10:27,817: INFO : common: created directory at: artifacts/model_trainer]
